State Machine - |FinalProject|GammaLogic:LogicUnit|State report for FinalProject
Wed Jun  4 10:45:07 2025
Quartus Prime Version 23.1std.1 Build 993 05/14/2024 SC Lite Edition


---------------------
; Table of Contents ;
---------------------
  1. Legal Notice
  2. State Machine - |FinalProject|GammaLogic:LogicUnit|State



----------------
; Legal Notice ;
----------------
Copyright (C) 2024  Intel Corporation. All rights reserved.
Your use of Intel Corporation's design tools, logic functions 
and other software and tools, and any partner logic 
functions, and any output files from any of the foregoing 
(including device programming or simulation files), and any 
associated documentation or information are expressly subject 
to the terms and conditions of the Intel Program License 
Subscription Agreement, the Intel Quartus Prime License Agreement,
the Intel FPGA IP License Agreement, or other applicable license
agreement, including, without limitation, that your use is for
the sole purpose of programming logic devices manufactured by
Intel and sold by Intel or its authorized distributors.  Please
refer to the applicable agreement for further details, at
https://fpgasoftware.intel.com/eula.



Encoding Type:  One-Hot
+------------------------------------------------------------------------------------------------------------------+
; State Machine - |FinalProject|GammaLogic:LogicUnit|State                                                         ;
+---------------+---------------+-----------+------------+--------------+-------------+---------------+------------+
; Name          ; State.Between ; State.Bar ; State.Dash ; State.DotOff ; State.DotOn ; State.Running ; State.Idle ;
+---------------+---------------+-----------+------------+--------------+-------------+---------------+------------+
; State.Idle    ; 0             ; 0         ; 0          ; 0            ; 0           ; 0             ; 0          ;
; State.Running ; 0             ; 0         ; 0          ; 0            ; 0           ; 1             ; 1          ;
; State.DotOn   ; 0             ; 0         ; 0          ; 0            ; 1           ; 0             ; 1          ;
; State.DotOff  ; 0             ; 0         ; 0          ; 1            ; 0           ; 0             ; 1          ;
; State.Dash    ; 0             ; 0         ; 1          ; 0            ; 0           ; 0             ; 1          ;
; State.Bar     ; 0             ; 1         ; 0          ; 0            ; 0           ; 0             ; 1          ;
; State.Between ; 1             ; 0         ; 0          ; 0            ; 0           ; 0             ; 1          ;
+---------------+---------------+-----------+------------+--------------+-------------+---------------+------------+


